// Jest Snapshot v1, https://goo.gl/fbAQLP

exports[`ModalDeleteCategoryModal tests expect to render DeleteCategoryModal component to render when edit is false 1`] = `
<Fragment>
  <img
    alt="eliminar"
    onClick={[Function]}
    src="delete.png"
    style={
      Object {
        "cursor": "pointer",
        "height": "30px",
        "width": "30px",
      }
    }
  />
  <Modal
    animation={true}
    aria-labelledby="contained-modal-title-vcenter"
    autoFocus={true}
    backdrop={true}
    centered={true}
    dialogAs={
      Object {
        "$$typeof": Symbol(react.forward_ref),
        "render": [Function],
      }
    }
    enforceFocus={true}
    keyboard={true}
    restoreFocus={true}
    show={false}
    size="lg"
  >
    <ModalHeader
      closeButton={false}
      closeLabel="Close"
    >
      <ModalTitle
        id="contained-modal-title-vcenter"
      >
        Eliminar Categor√≠a
      </ModalTitle>
      <Button
        active={false}
        disabled={false}
        onClick={[Function]}
        style={
          Object {
            "backgroundColor": "white",
            "borderColor": "white",
            "color": "black",
          }
        }
        type="button"
        variant="primary"
      >
        X
      </Button>
    </ModalHeader>
    <ModalBody>
      <form
        style={
          Object {
            "alignItems": "center",
            "display": "flex",
            "flexDirection": "column",
            "height": "100%",
            "justifyContent": "center",
          }
        }
      >
        <Combobox
          data={Array []}
          groupBy={[Function]}
          onSelect={[Function]}
          renderListGroup={[Function]}
          textField="name"
          value=""
        />
        <button
          className="button"
          onClick={[Function]}
        >
          Eliminar
        </button>
        <p />
      </form>
    </ModalBody>
  </Modal>
</Fragment>
`;
