// Jest Snapshot v1, https://goo.gl/fbAQLP

exports[`Modal tests expect t2 1`] = `
<Fragment>
  <Button
    active={false}
    disabled={false}
    onClick={[Function]}
    type="button"
    variant="primary"
  >
    Mas info
  </Button>
  <Modal
    animation={true}
    aria-labelledby="contained-modal-title-vcenter"
    autoFocus={true}
    backdrop={true}
    centered={true}
    dialogAs={
      Object {
        "$$typeof": Symbol(react.forward_ref),
        "render": [Function],
      }
    }
    enforceFocus={true}
    history={
      Object {
        "push": [MockFunction],
      }
    }
    keyboard={true}
    onDeleteMeal={
      Object {
        "mealId": 21,
        "userId": 1,
      }
    }
    onUpdateCurrentMealInState={
      Object {
        "FoodList": Array [
          Object {
            "food": Object {
              "caloriesPerServing": 198,
              "createdAt": "2021-09-15T19:58:04.486Z",
              "foodId": 1,
              "name": "Milanesa",
              "recommendedServing": 85,
            },
            "quantity": 1,
          },
        ],
      }
    }
    restoreFocus={true}
    show={false}
    size="lg"
  >
    <ModalHeader
      closeButton={false}
      closeLabel="Close"
    >
      <ModalTitle
        id="contained-modal-title-vcenter"
      >
        comida1
      </ModalTitle>
    </ModalHeader>
    <ModalBody>
      <h4>
        2021-09-09 00:00
      </h4>
      <p>
        Alimentos consumidos:
      </p>
      <p>
        Total de calorias consumidas en la comida: 
        0
      </p>
    </ModalBody>
    <ModalFooter>
      <Button
        active={false}
        disabled={false}
        onClick={[Function]}
        type="button"
        variant="primary"
      >
        Cerrar
      </Button>
      <Button
        active={false}
        disabled={false}
        onClick={[Function]}
        type="button"
        variant="primary"
      >
        Editar
      </Button>
      <Button
        active={false}
        disabled={false}
        onClick={[Function]}
        type="button"
        variant="primary"
      >
        Eliminar
      </Button>
    </ModalFooter>
  </Modal>
</Fragment>
`;
